  AudioManager.cpp
  GOFactory.cpp
  GameObject.cpp
  Engine.cpp
  RenderManager.cpp
  ResourceManager.cpp
  WorldSpaceGraphicsSystem.cpp
  InputSystem.cpp
  Logger.cpp
  TransformSystem.cpp
  Window.cpp
C:\Users\chaseu\Documents\SliceEngineRepo\Slice\SliceEngine\src\AudioManager.h(4,10): error C1083: Cannot open include file: 'fmod/include/fmod.hpp': No such file or directory
  (compiling source file 'src/AudioManager.cpp')
  
C:\Users\chaseu\Documents\SliceEngineRepo\Slice\SliceEngine\src\ECS\BaseSystem.h(4,10): error C1083: Cannot open include file: 'entt/entt.hpp': No such file or directory
  (compiling source file 'src/TransformSystem.cpp')
  
C:\Users\chaseu\Documents\SliceEngineRepo\Slice\SliceEngine\src\ECS\ECSTypes.h(4,10): error C1083: Cannot open include file: 'entt/entt.hpp': No such file or directory
  (compiling source file 'src/ECS/GOFactory.cpp')
  
C:\Users\chaseu\Documents\SliceEngineRepo\Slice\SliceEngine\src\ECS\ECSTypes.h(4,10): error C1083: Cannot open include file: 'entt/entt.hpp': No such file or directory
  (compiling source file 'src/ECS/GameObject.cpp')
  
C:\Users\chaseu\Documents\SliceEngineRepo\Slice\SliceEngine\src\Input\InputSystem.cpp(18,10): error C1083: Cannot open include file: 'pch.h': No such file or directory
C:\Users\chaseu\Documents\SliceEngineRepo\Slice\SliceEngine\src\Window.cpp(1,10): error C1083: Cannot open include file: 'pch.h': No such file or directory
C:\Users\chaseu\Documents\SliceEngineRepo\Slice\SliceEngine\src\Graphics\ResourceManager.cpp(1,10): error C1083: Cannot open include file: 'pch.h': No such file or directory
C:\Users\chaseu\Documents\SliceEngineRepo\Slice\SliceEngine\src\Graphics\WorldSpaceGraphicsSystem.cpp(1,10): error C1083: Cannot open include file: 'pch.h': No such file or directory
C:\Users\chaseu\Documents\SliceEngineRepo\Slice\SliceEngine\src\Engine.cpp(1,10): error C1083: Cannot open include file: 'pch.h': No such file or directory
C:\Users\chaseu\Documents\SliceEngineRepo\Slice\SliceEngine\src\Graphics\WorldSpaceGraphicsSystem.h(4,10): error C1083: Cannot open include file: 'glfw/include/glfw3.h': No such file or directory
  (compiling source file 'src/Graphics/RenderManager.cpp')
  
C:\Users\chaseu\Documents\SliceEngineRepo\Slice\SliceEngine\src\Vectors\Vector2.h(4,10): error C1083: Cannot open include file: 'pch.h': No such file or directory
  (compiling source file 'src/Logger.cpp')
  
